>1bbi
DDESSKPCCDQCACTKSNPPQCRCSDMRLNSCHSACKSCICALSYPAQCFCVDITDFCYEPCKPSEDDKEN--
>1tabi
-SESSKPCCDQCSCTKSMPPKCRCSDIR--------------------------NDFCYEPCK----------
>1pi2
---YSKPCCDLCMCTRSMPPQCSCED-RINSCHSDCKSCMCTRSQPGQCRCLDTNDFCYKPCKSR--------
>1pbia
----KSACCDTCLCTKSNPPTCRCVDVG-ETCHSACLSCICAYSNPPKCQCFDTQKFCYKQCHNSELEEVIKN
>1sbwi
----------SCRCTKSIPPQCHC-------------------------------------------------
