>1ixa
--VDGDQCE---SNPCLNGGSCKDDI-----NSYECWCPFGFEG----KNCEL------------------
>1apo
--KDGDQCE---GHPCLNQGHCKDGI-----GDYTCTCAEGFEG----KNCEFSTR---------------
>1urk
--QVPSNCD------CLNGGTCVSNKYFS--NIHWCNCPKKFGG----QHCEIDK----------------
>1fsb
----TASCQD---MSCSKQGECLETI-----GNYTCSCYPGFYG----PECEYVRE---------------
>1esl
------ACTN---TSCSGHGECVETI-----NNYTCKCDPGFSG----LKCEQIV----------------
>1hre
GTSHLVKCAEKEKTFCVNGGECFMVKDLSNPSRYLCKCQPGFTG----ARCTENVPMKVQNQEKAEELYQK
>1epi
--NSYPGCPSSYDGYCLNGGVCMHI-ESL--DSYTCNCVIGYSG----DRCQTRDLRWWELR---------
>4tgf
VVSHFNDCPDSHTQFCF-HGTCRFLVQ---EDKPACVCHSGYVG----ARCEHADLLA-------------
>1hcgb
-------CSLD-NGDCD--QFCHEEQ----N-SVVCSCARGYTLADNGKACIPTGPYPCGKQTLER-----
>1dan1
----GDQCASS---PCQNGGSCKDQL-----QSYICFCLPAFEG----RNCETHKD---------------
>1dan2
---DQLICVN-ENGGCE--QYCSDHT----GTKRSCRCHEGYSLLADGVSCTPTVEYPCGKIPILE-----
>1rfnb
-----MTCNI-KNGRCE--QFCKNSA----DNKVVCSCTEGYRLAENQKSCEPAVPFPCGRVSVSQTSK--
