>1tme
-----------------------------GSDNAEKGKVSNDDASVDFVAEP--VKLPENQTRVAFFYDRAVPIGMLRPGQN-IESTFVYQENDLRLNCLLLTPLPSFCPDSTSGPVKTKAPVQWRWVRSG-----GTTNFPLMTKQDYAFLCFSPFTYYKCDLEVTVSALGT---------DTVASVLRWAPTGAPADVTDQLIGYTPSLGETRNPHMWLVGAGN-TQISFVVPYNSPLSVLPAAWFNGWSDFG--------NTKDFGVAPNADFGRLWIQGNT---------SASVRIRYKKMKVFCPRPTLFF-------------------PWPV--------------DRVASDKAGNSATNTQSTVGRLCGYGEAHHGEH--PASCADTATDKVLAAERYYTIDLASWTTTQEAFSHIRIPLPHVLAGEDGGVFGATLRRHYLCKTGWRVQVQCNASQFHAGSLLVFMAPEFYTGKGT--KTGDMEPTDPFTMDTTWRAPQGAPTGYRYDSRT-------GFFAMNHQNQWQWTVYPHQILNLRTNTTVDLEVPYVNIAPTSSWTQHANWTLVVAVFSPLQYASGSSSDVQITASIQPVNPVFNGLRHETVIA--SPIAVTVREHKGCFYSTNPDTTVPIYGKTISTPNDYMCGEFSDLLELCK-LPTFLGNPNS----NNKRYPYFSATNSVP-TTSLVDYQVALS-CSCMCNSMLAAVARNFNQYRGSLNFLFVFTGAAMVKGKFLIAYTPPGAGKPTTRDQAMQATYAIWDLGLNSSFVFTAPFISPTHYRQTSYTSA--ASVDGWVTVWQLTPLTYPSGTPVNSDILTLVSAGDDFTLRMPISPTKWVPQ---------------------SGNEGVIINNFYSNQYQNSIDLSAS--------------------------------
>2mev
-----------------------------GVENAEKGVTENTDATADFVAQP--VYLPENQTKVAFFYDRSSPIGAFAVKSGSLESGFAPFSNKACPNSVILTPGPQFDPA-----YDQLRPQRLTEIWGNGNE-ETSEVFPLKTKQDYSFCLFSPFVYYKCDLEVTLSPHTS---------GAHGLLVRWCPTGTPTKPTTQVLHEVSSLSEGRTPQVYSAGPGTSNQISFVVPYNSPLSVLPAVWYNGHKRFD--------NTGDLGIAPNSDFGTLFFAGTK------PDIKFTVYLRYKNMRVFCPRPTVFF-------------------PWPTSGDKIDMT--ENLSDRVSQDTAGNTVTNTQSTVGRLVGYGTVHDGEH--PASCADTASEKILAVERYYTFKVNDWTSTQKPFEYIRIPLPHVLSGEDGGVFGATLRRHYLVKTGWRVQVQCNASQFHAGSLLVFMAPEYPTL-------------DVFAMDNRWSKD-NLPNGTRTQTNRK------GPFAMDHQNFWQWTLYPHQFLNLRTNTTVDLEVPYVNIAPTSSWTQHASWTLVIAVVAPLTYSTGASTSLDITASIQPVRPVFNGLRHEVLSRQ-SPIPVTIREHAGTWYSTLPDSTVPIYGKTPVAPANYMVGEYKDFLEIAQ-IPTFIGNKVP------NAVPYIEASNTAVKTQPLAVYQVTLS-CSCLANTFLAALSRNFAQYRGSLVYTFVFTGTAMMKGKFLIAYTPPGAGKPTSRDQAMQATYAIWDLGLNSSYSFTVPFISPTHFRMVGTDQANITNVDGWVTVWQLTPLTYPPGCPTSAKILTMVSAGKDFSLKMPISPAPWSPQ--------------------SEGNEGVIINNFYSNQYQNSIDLSANATGSDPPKTYGQFSNLLSGAVNAFSNMLPLLA
>1bbt
-----------------------------TTSAGESADPVTTTVEN-YGGET--QIQRRQHTDVSFIMDRFVKVTP--------------------QNQINILDLM------------------------------------QVPSHTLVGGLLRASTYYFSDLEIAVK---------------HEGDLTWVPNGAPE-KALDN---------TTNPTAYHK----APLTRLALPYTAPHRVLAT-VYNGEC---------------ATLPTSFNYGAIKAT-----------RVTELLYRMKRAETYCPRPLLAIHPTEARHKQKIVAP--------------------LLEDRILTTRNGHTTSTTQSSVGVTYGYATAEDFVS--GPNTSGLETR-VVQAERFFKTHLFDWVTSDSFGRCHLLELPTDH--K--GVYGSLTDSYAYMRNGWDVEVTAVGNQFNGGCLLVAMVPELCSIQ--------------------------------------------------KRELYQLTLFPHQFINPRTNMTAHITVPFVGVNRYDQYKVHKPWTLVVMVVAPLTVNTEGAPQIKVYANIAPTNVHVAGEFPSKE----GIFPVACSDGYGGLVTTDPKTADPVYGKVFNPPRNQLPGRFTNLLDVAEACPTFLRFEG--------GVPYVTTKTDSD--RVLAQFDMSLA-AKHMSNTFLAGLAQYYTQYSGTINLHFMFTGPTDAKARYMVAYAPPGMEPPKTPEAAAHCIHAEWDTGLNSKFTFSIPYLSAADYTYTASDVAETTNVQGWVCLFQIT-HGK----ADGDALVVLASAGKDFELRLPVDARAE------------------------SGNTGSIINNYYMQQYQNSMDTQLG-----------NDWFSKLASSAFSGLFGALLA
>1r1a
NYIDE-VLNEVLVVPNIKESHHTTSNSAPLLDAAETGHTSNVQPEDAIETRYVITSQTRDEMSIESFLGRSGCVHISRIKV-DYTDYNGQ-DIN--FTKWKITLQ----------------------------------------EMAQIRRKFELFTYVRFDSEITLVPCI--AGRGDDIG-HIVMQYMYVP-PGAPIPSKRNDF---SWQSGTNMSIFWQH--GQPFPRFSIPFLSIASAYYM-FYDGYDGDN--------TSSKYGSVVTNDMGTICSRIVTEKQKLSVVITTHIYHKAKHTKAWCPRPPRAVPYTHSHVTNYMPETGDVTTAIVRRNTITTA-------DRIMQITRGDSTISSDDVANAVVGYGVWPHYLTPQDATAINKPTQPDTSSNRFYTLESKHWNGSS---KGWWWKLPDALKD--MGIFGENMYYHFLGRSGYTVHVQCNASKFHQGTLLVAMIPEHQLASAKHG-SVTAGYKLTHPGEAGRDVSQERDAS------LRQPSDDSWL-NFDGTLLGNLLIFPHQFINLRSNNSATLIVPYVNAVPMDSMLRHNNWCLVIIPISPLRSETTSSNIVPITVSISPMCAEFSGARAKNIKQ---GLPVYITPGSGQFMTTDDMQSPCALPWYHPTKEISIPGEVKNLIEMCQ-VDTLIPVNNVGNNVGNVSMYTVQLGNQTGMAQKVFSIKVDIT-STPLATTLIGEIASYYTHWTGSLRFSFMFCGTANTTLKLLLAYTPPGIDEPTTRKDAMLGTHVVWDVGLQSTISLVVPWVSASHFRLTADNK---YSMAGYITCWYQTNLVVPPSTPQTADMLCFVSACKDFCLRMARDTDLHIQSGPIEQ---------------------YFNINYFKDAASSGASRLD---------------------------------
>4rhv
-------------TVASISSGPKHTQKVPILTANETGATMPVLPSDSIETRTTYMHFNGSETDVECFLGRAACVHVTEIQNKDATGIDNHREAKL-FNDWKINLS----------------------------------------SLVQLRKKLELFTYVRFDSEYTILATASQPDSANYSS-NLVVQAMYVP-PGAPNPKEWDDY---TWQSASNPSVFFKV---GDTSRFSVPYVGLASAYNC-FYDGYSHDD--------AETQYGITVLNHMGSMAFRIVNEHDEHKTLVKIRVYHRAKHVEAWIPRAPRALPYTSIGRTNY---PKNTEPVIKKRKGDIKSY---GYSDRVQQITLGNSTITTQEAANAVVCYAEWPEYLPDVDASDVNKTSKPDTSVCRFYTLDSKTWTTGS---KGWCWKLPDALKD--MGVFGQNMFFHSLGRSGYTVHVQCNATKFHSGCLLVVVIPEHQLASHEGG-NVSVKYTFTHPGERGIDLSSANEVG--GPVKDV-------LYNMNGTLLGNLLIFPHQFINLRTNNTATIVIPYINSVPIDSMTRHNNVSLMVIPIAPLTVPTGATPSLPITVTIAPMCTEFSGIRSKSIVPQ--GLPTTTLPGSGQFLTTDDRQSPSALPNYEPTPRIHIPGKVHNLLEIIQ-VDTLIPMNN-THTKDEVNSYLIPLNANRQ-NEQVFGTNLFIGD-GVFKTTLLGEIVQYYTHWSGSLRFSLMYTGPALSSAKLILAYTPPGARGPQDRREAMLGTHVVWDIGLQSTIVMTIPWTSGVQFRYTDPDT---YTSAGFLSCWYQTSLILPPETTGQVYLLSFISACPDFKLRLMKDTQTISQTVALTE------------------------INYYKDAASTSSAGQSLSMDPSKFTEPVKDLMLKGAPALN---------
>2plv
GSSST-AATSRDALPNTEASGPTHSKEIPALTAVETGATNPLVPSDTVQTRHVVQHRSRSESSIESFFARGACVTIMTVDNPASTT-----NKDKLFAVWKITYK----------------------------------------DTVQLRRKLEFFTYSRFDMELTFVVTANFTETNNGHALNQVYQIMYVP-PGAPVPEKWDDY---TWQTSSNPSIFYTY--GTAPARISVPYVGISNAYSH-FYDGFSKVPLKDQSAALGDSLYGAASLNDFGILAVRVVNDHNPTKVTSKIRVYLKPKHIRVWCPRPPRAVAYYGPGVDYKD----GTLTPLSTKDLTTY--EACGYSDRVLQLTLGNSTITTQEAANSVVAYGRWPEYLRDSEANPVDQPTEPDVAACRFYTLDTVSWTKES---RGWWWKLPDALRD--MGLFGQNMYYHYLGRSGYTVHVQCNASKFHQGALGVFAVPEMCLAGDSNTTTMHTSYQNANPGEKGGTFTGTFTPDNNQTSPAR-RFCPVDYLLGNGTLLGNAFVFPHQIINLRTNNCATLVLPYVNSLSIDSMVKHNNWGIAILPLAPLNFASESSPEIPITLTIAPMCCEFNGLRNITLPRLQ-GLPVMNTPGSNQYLTADNFQSPCALPEFDVTPPIDIPGEVKNMMELAE-IDTMIPFDLSATKKNTMEMYRVRLSDKPHTDDPILCLSLSPASDPRLSHTMLGEILNYYTHWAGSLKFTFLFCGSMMATGKLLVSYAPPGADPPKKRKEAMLGTHVIWDIGLQSSCTMVVPWISNTTYRQTIDDS---FTEGGYISVFYQTRIVVPLSTPREMDILGFVSACNDFSVRLLRDTTHIEQKA----GAQVSSQKVGAHENSN-STINYTTINYYRDSASNAASKQDFSQDPSKFTEPIKDVLIKTAPMLN---------
